TAP version 13
# node:internal/modules/esm/resolve:272
#     throw new ERR_MODULE_NOT_FOUND(
#           ^
# Error [ERR_MODULE_NOT_FOUND]: Cannot find module '/workspace/test/missing.mjs' imported from /workspace/test/broken.test.mjs
#     at finalizeResolution (node:internal/modules/esm/resolve:272:11)
#     at moduleResolve (node:internal/modules/esm/resolve:879:10)
#     at defaultResolve (node:internal/modules/esm/resolve:1006:11)
#     at \#cachedDefaultResolve (node:internal/modules/esm/loader:705:20)
#     at \#resolveAndMaybeBlockOnLoaderThread (node:internal/modules/esm/loader:725:38)
#     at ModuleLoader.resolveSync (node:internal/modules/esm/loader:763:56)
#     at \#resolve (node:internal/modules/esm/loader:687:17)
#     at ModuleLoader.getOrCreateModuleJob (node:internal/modules/esm/loader:607:35)
#     at ModuleJob.syncLink (node:internal/modules/esm/module_job:276:33)
#     at ModuleJob.link (node:internal/modules/esm/module_job:381:17) {
#   code: 'ERR_MODULE_NOT_FOUND',
#   url: 'file:///workspace/test/missing.mjs'
# }
# Node.js v24.21.0
# Subtest: test/broken.test.mjs
not ok 1 - test/broken.test.mjs
  ---
  duration_ms: 37.303791
  type: 'test'
  location: '/workspace/test/broken.test.mjs:1:1'
  failureType: 'testCodeFailure'
  exitCode: 1
  signal: ~
  error: 'test failed'
  code: 'ERR_TEST_FAILURE'
  ...
1..1
# tests 1
# suites 0
# pass 0
# fail 1
# cancelled 0
# skipped 0
# todo 0
# duration_ms 41.847292
