TAP version 13
# Subtest: observes the state after a fixed timer boundary
not ok 1 - observes the state after a fixed timer boundary
  ---
  duration_ms: 0.755167
  type: 'test'
  location: '/workspace/test/case.test.mjs:4:1'
  failureType: 'testCodeFailure'
  error: |-
    Expected values to be strictly equal:
    
    3 !== 4
    
  code: 'ERR_ASSERTION'
  name: 'AssertionError'
  expected: 4
  actual: 3
  operator: 'strictEqual'
  stack: |-
    TestContext.<anonymous> (file:///workspace/test/case.test.mjs:6:32)
    Test.runInAsyncScope (node:async_hooks:227:14)
    Test.run (node:internal/test_runner/test:1402:25)
    Test.start (node:internal/test_runner/test:1262:17)
    startSubtestAfterBootstrap (node:internal/test_runner/harness:387:17)
  ...
1..1
# tests 1
# suites 0
# pass 0
# fail 1
# cancelled 0
# skipped 0
# todo 0
# duration_ms 48.813041
