2026-09-21T10:30:45.7130483Z A new version of Supabase CLI is available: v2.117.0 (currently installed v2.116.0)
2026-09-21T10:30:45.7132198Z We recommend updating regularly for new features and bug fixes: https://supabase.com/docs/guides/cli/getting-started#updating-the-supabase-cli
2026-09-21T10:30:45.7280711Z ##[group]Run pnpm run test:integration
2026-09-21T10:30:45.7281071Z [36;1mpnpm run test:integration[0m
2026-09-21T10:30:45.7303892Z shell: /usr/bin/bash -e {0}
2026-09-21T10:30:45.7304273Z env:
2026-09-21T10:30:45.7304666Z   PNPM_HOME: /home/runner/setup-pnpm/node_modules/.bin
2026-09-21T10:30:45.7305175Z   SUPABASE_INTERNAL_IMAGE_REGISTRY: ghcr.io
2026-09-21T10:30:45.7305779Z   DATABASE_URL: ***127.0.0.1:54622/postgres
2026-09-21T10:30:45.7306071Z ##[endgroup]
2026-09-21T10:30:46.1778752Z $ vitest run --maxWorkers=1 --no-file-parallelism scripts/seed-demo.test.ts scripts/seed-memory.test.ts src/agent/agent.test.ts src/agent/client.integration.test.ts src/agent/interrupt-resume.test.ts src/agent/memory-capture-safety.test.ts src/agent/memory-flush-safety.test.ts src/agent/memory-search-audit.test.ts src/agent/queue.test.ts src/agent/record-capture-memory.test.ts src/agent/reschedule.test.ts src/agent/run-task-safety.test.ts src/agent/runtime/handler.test.ts src/agent/storage/postgres-storage.test.ts src/agent/telemetry.test.ts src/agent/tenant-scope.test.ts src/agent/tools/capture-invitation.test.ts src/app/api/runs/run-data.test.ts 'src/app/[locale]/(host)/memory-data.test.ts' src/core/booking/holds.concurrency.test.ts src/core/booking/invitations.integration.test.ts src/core/calendar/calendar-feed.integration.test.ts src/core/data-retention.integration.test.ts src/core/memory/forget.test.ts src/core/notifications/email-outbox.integration.test.ts src/core/reconfirmation/jobs.test.ts src/core/rooms/operations.integration.test.ts src/core/rooms/schema.integration.test.ts src/lib/auth/guest-account.integration.test.ts src/lib/auth/host-identity.integration.test.ts src/core/booking/cancellation.integration.test.ts src/core/policy/settings.integration.test.ts src/core/notifications/guest-delivery.integration.test.ts src/core/booking/guest-preferences.integration.test.ts src/core/demo/advance-clock.integration.test.ts src/core/booking/guest-clock.integration.test.ts src/components/host/host-outcomes.integration.test.ts
2026-09-21T10:30:46.4661676Z 
2026-09-21T10:30:46.4665593Z [1m[30m[46m RUN [49m[39m[22m [36mv4.1.11 [39m[90m/home/runner/work/layalga/layalga[39m
2026-09-21T10:30:46.4666616Z 
2026-09-21T10:30:48.1477224Z  [31m❯[39m src/core/reconfirmation/jobs.test.ts [2m([22m[2m18 tests[22m[2m | [22m[31m13 failed[39m[2m)[22m[33m 340[2mms[22m[39m
2026-09-21T10:30:48.1478839Z      [32m✓[39m does not create late reminder jobs after withdrawal[32m 43[2mms[22m[39m
2026-09-21T10:30:48.1480442Z [31m     [31m×[31m suppresses fallback delivery when a guest cancels while the model is running[39m[32m 25[2mms[22m[39m
2026-09-21T10:30:48.1481549Z [31m     [31m×[31m skips dispatch when cancellation wins while the external schedule is being created[39m[32m 14[2mms[22m[39m
2026-09-21T10:30:48.1482579Z [31m     [31m×[31m claims once, chases at T-3, and escalates to both hosts after 24 hours[39m[32m 27[2mms[22m[39m
2026-09-21T10:30:48.1483520Z [31m     [31m×[31m does not escalate after the guest reconfirms[39m[32m 34[2mms[22m[39m
2026-09-21T10:30:48.1484351Z [31m     [31m×[31m leaves demo jobs to the home-scoped demo clock runner[39m[32m 23[2mms[22m[39m
2026-09-21T10:30:48.1485264Z [31m     [31m×[31m recovers a partial escalation without duplicate notifications[39m[32m 18[2mms[22m[39m
2026-09-21T10:30:48.1486164Z [31m     [31m×[31m delivers to a host the model skipped without needing a retry[39m[32m 16[2mms[22m[39m
2026-09-21T10:30:48.1487439Z [31m     [31m×[31m backs off persistent faults, quarantines them, and supports explicit replay[39m[32m 13[2mms[22m[39m
2026-09-21T10:30:48.1489410Z [31m     [31m×[31m dispatches the due batch to durable runs without waiting for model work[39m[32m 13[2mms[22m[39m
2026-09-21T10:30:48.1491103Z [31m     [31m×[31m delivers a new chase for a later reconfirmation cycle[39m[32m 12[2mms[22m[39m
2026-09-21T10:30:48.1492990Z [31m     [31m×[31m falls back to a deterministic chase notification when the model writes nothing[39m[32m 12[2mms[22m[39m
2026-09-21T10:30:48.1494096Z [31m     [31m×[31m falls back to deterministic escalation delivery for hosts the model skipped[39m[32m 16[2mms[22m[39m
2026-09-21T10:30:48.1494973Z [31m     [31m×[31m reclaims only an expired job lease[39m[32m 13[2mms[22m[39m
2026-09-21T10:30:48.1495705Z      [32m✓[39m does not steal a live job lease[32m 10[2mms[22m[39m
2026-09-21T10:30:48.1497133Z      [32m✓[39m fails abandoned agent runs after their deadline[32m 12[2mms[22m[39m
2026-09-21T10:30:48.1498159Z      [32m✓[39m expires stale temporary holds during the periodic runner[32m 18[2mms[22m[39m
2026-09-21T10:30:48.1499440Z      [32m✓[39m persists create and cancel operations idempotently[32m 13[2mms[22m[39m
2026-09-21T10:30:49.6381718Z  [32m✓[39m src/agent/tenant-scope.test.ts [2m([22m[2m13 tests[22m[2m)[22m[33m 581[2mms[22m[39m
2026-09-21T10:30:50.5692752Z [90mstderr[2m | src/core/notifications/guest-delivery.integration.test.ts[2m > [22m[2mconsented guest delivery[2m > [22m[2mdoes not send pre-arrival requests once arrival day begins in household time
2026-09-21T10:30:50.5694850Z [22m[39m[GUEST_EMAIL_FAILED] { id: [32m'f1f46d51-3fa1-4462-a75c-1fbd36e7c39f'[39m }
2026-09-21T10:30:50.5695725Z 
2026-09-21T10:30:50.6167247Z [90mstderr[2m | src/core/notifications/guest-delivery.integration.test.ts[2m > [22m[2mconsented guest delivery[2m > [22m[2mrecords unknown acceptance when authorized worker attempt 1 loses its lease
2026-09-21T10:30:50.6169817Z [22m[39m[GUEST_EMAIL_FAILED] { id: [32m'686c8e2c-25b2-45fe-83a2-22008f0cdc81'[39m }
2026-09-21T10:30:50.6170634Z 
2026-09-21T10:30:50.6707580Z [90mstderr[2m | src/core/notifications/guest-delivery.integration.test.ts[2m > [22m[2mconsented guest delivery[2m > [22m[2mrecords unknown acceptance when authorized worker attempt 3 loses its lease
2026-09-21T10:30:50.6708947Z [22m[39m[GUEST_EMAIL_FAILED] { id: [32m'6eff56f2-9da6-465e-9af7-b099646055d6'[39m }
2026-09-21T10:30:50.6709535Z 
2026-09-21T10:30:50.7465966Z [90mstderr[2m | src/core/notifications/guest-delivery.integration.test.ts[2m > [22m[2mconsented guest delivery[2m > [22m[2mrefreshes a reclaimed lease and fences a superseded send acknowledgement
2026-09-21T10:30:50.7468388Z [22m[39m[GUEST_EMAIL_FAILED] { id: [32m'6d4117fe-4f7b-4248-8dc6-02370c204339'[39m }
2026-09-21T10:30:50.7468932Z 
2026-09-21T10:30:50.8541975Z [90mstderr[2m | src/core/notifications/guest-delivery.integration.test.ts[2m > [22m[2mconsented guest delivery[2m > [22m[2mretries with bounded backoff, sanitized failures and a terminal third attempt
2026-09-21T10:30:50.8543335Z [22m[39m[GUEST_EMAIL_FAILED] { id: [32m'0b65f643-b3ec-4281-9084-4e0c8b828100'[39m }
2026-09-21T10:30:50.8543811Z 
2026-09-21T10:30:50.8826401Z [90mstderr[2m | src/core/notifications/guest-delivery.integration.test.ts[2m > [22m[2mconsented guest delivery[2m > [22m[2mretries with bounded backoff, sanitized failures and a terminal third attempt
2026-09-21T10:30:50.9000892Z [22m[39m[GUEST_EMAIL_FAILED] { id: [32m'0b65f643-b3ec-4281-9084-4e0c8b828100'[39m }
2026-09-21T10:30:50.9001395Z 
2026-09-21T10:30:50.9003045Z [90mstderr[2m | src/core/notifications/guest-delivery.integration.test.ts[2m > [22m[2mconsented guest delivery[2m > [22m[2mretries with bounded backoff, sanitized failures and a terminal third attempt
2026-09-21T10:30:50.9005462Z [22m[39m[GUEST_EMAIL_FAILED] { id: [32m'0b65f643-b3ec-4281-9084-4e0c8b828100'[39m }
2026-09-21T10:30:50.9006192Z 
2026-09-21T10:30:50.9394861Z [90mstderr[2m | src/core/notifications/guest-delivery.integration.test.ts[2m > [22m[2mconsented guest delivery[2m > [22m[2msuppresses queued reminders after cancelled
2026-09-21T10:30:50.9396853Z [22m[39m[GUEST_EMAIL_FAILED] { id: [32m'1840c42a-76c4-4f14-909f-5d64bf801a2d'[39m }
2026-09-21T10:30:50.9397782Z 
2026-09-21T10:30:50.9835048Z [90mstderr[2m | src/core/notifications/guest-delivery.integration.test.ts[2m > [22m[2mconsented guest delivery[2m > [22m[2msuppresses queued reminders after rescheduled
2026-09-21T10:30:50.9837108Z [22m[39m[GUEST_EMAIL_FAILED] { id: [32m'0363976f-d3dc-49ae-a296-2b8a3053f865'[39m }
2026-09-21T10:30:50.9838031Z 
2026-09-21T10:30:51.0274391Z [90mstderr[2m | src/core/notifications/guest-delivery.integration.test.ts[2m > [22m[2mconsented guest delivery[2m > [22m[2msuppresses queued reminders after optout
2026-09-21T10:30:51.0275911Z [22m[39m[GUEST_EMAIL_FAILED] { id: [32m'8b4a9e06-cad4-424f-8ea0-53835a0e2c4c'[39m }
2026-09-21T10:30:51.0276416Z 
2026-09-21T10:30:51.1516439Z  [32m✓[39m src/core/notifications/guest-delivery.integration.test.ts [2m([22m[2m18 tests[22m[2m)[22m[33m 810[2mms[22m[39m
2026-09-21T10:30:52.4440709Z  [32m✓[39m src/core/booking/holds.concurrency.test.ts [2m([22m[2m11 tests[22m[2m)[22m[33m 685[2mms[22m[39m
2026-09-21T10:30:52.4442185Z      [33m[2m✓[22m[39m serializes twenty races for the final room [33m 360[2mms[22m[39m
2026-09-21T10:30:53.5791729Z  [32m✓[39m src/agent/queue.test.ts [2m([22m[2m8 tests[22m[2m)[22m[32m 250[2mms[22m[39m
2026-09-21T10:30:53.8433512Z  [32m✓[39m src/core/rooms/schema.integration.test.ts [2m([22m[2m7 tests[22m[2m)[22m[32m 113[2mms[22m[39m
2026-09-21T10:30:54.6213078Z  [32m✓[39m src/core/booking/invitations.integration.test.ts [2m([22m[2m4 tests[22m[2m)[22m[32m 165[2mms[22m[39m
2026-09-21T10:30:55.8603075Z  [32m✓[39m src/core/booking/cancellation.integration.test.ts [2m([22m[2m6 tests[22m[2m)[22m[33m 313[2mms[22m[39m
2026-09-21T10:30:56.5790773Z  [32m✓[39m src/core/rooms/operations.integration.test.ts [2m([22m[2m5 tests[22m[2m)[22m[32m 135[2mms[22m[39m
2026-09-21T10:30:57.2948219Z  [32m✓[39m src/core/memory/forget.test.ts [2m([22m[2m3 tests[22m[2m)[22m[32m 47[2mms[22m[39m
2026-09-21T10:30:59.6980265Z  [32m✓[39m src/agent/interrupt-resume.test.ts [2m([22m[2m1 test[22m[2m)[22m[33m 1530[2mms[22m[39m
2026-09-21T10:30:59.6981722Z      [33m[2m✓[22m[39m resumes an approved tool exactly once in a new process [33m 1524[2mms[22m[39m
2026-09-21T10:31:00.5621737Z [90mstderr[2m | src/core/notifications/email-outbox.integration.test.ts[2m > [22m[2memail outbox[2m > [22m[2mretries a failed row after five minutes but not before
2026-09-21T10:31:00.5622971Z [22m[39m[EMAIL_PING_FAILED] { id: [32m'cf4b4ad3-521e-4d6c-b277-114801fe46e4'[39m, errorName: [32m'Error'[39m }
2026-09-21T10:31:00.5623601Z 
2026-09-21T10:31:00.6581110Z  [32m✓[39m src/core/notifications/email-outbox.integration.test.ts [2m([22m[2m7 tests[22m[2m)[22m[32m 226[2mms[22m[39m
2026-09-21T10:31:01.5546992Z  [32m✓[39m src/core/policy/settings.integration.test.ts [2m([22m[2m6 tests[22m[2m)[22m[32m 234[2mms[22m[39m
2026-09-21T10:31:02.4899964Z  [32m✓[39m src/agent/record-capture-memory.test.ts [2m([22m[2m4 tests[22m[2m)[22m[32m 71[2mms[22m[39m
2026-09-21T10:31:03.6627082Z  [32m✓[39m src/agent/reschedule.test.ts [2m([22m[2m1 test[22m[2m)[22m[32m 292[2mms[22m[39m
2026-09-21T10:31:04.2834576Z [90mstdout[2m | scripts/seed-memory.test.ts[2m > [22m[2mseedMemory[2m > [22m[2mwrites three name-free events for the seeded Vega party and waits for extraction
2026-09-21T10:31:04.2836118Z [22m[39mWrote 3 event(s) for the seeded Vega party.
2026-09-21T10:31:04.2836518Z 
2026-09-21T10:31:04.2837823Z [90mstdout[2m | scripts/seed-memory.test.ts[2m > [22m[2mseedMemory[2m > [22m[2mwrites three name-free events for the seeded Vega party and waits for extraction
2026-09-21T10:31:04.2839494Z [22m[39mExtraction produced 1 record(s) after 0s.
2026-09-21T10:31:04.2839887Z 
2026-09-21T10:31:04.3131456Z [90mstdout[2m | scripts/seed-memory.test.ts[2m > [22m[2mseedMemory[2m > [22m[2mforget-then-seed clears every prior record and event, leaving only the three seeded facts
2026-09-21T10:31:04.3133017Z [22m[39mForgot 2 record(s) and 2 event(s) for the seeded Vega party.
2026-09-21T10:31:04.3133456Z 
2026-09-21T10:31:04.3170600Z [90mstdout[2m | scripts/seed-memory.test.ts[2m > [22m[2mseedMemory[2m > [22m[2mforget-then-seed clears every prior record and event, leaving only the three seeded facts
2026-09-21T10:31:04.3172690Z [22m[39mWrote 3 event(s) for the seeded Vega party.
2026-09-21T10:31:04.3173182Z 
2026-09-21T10:31:04.3174451Z [90mstdout[2m | scripts/seed-memory.test.ts[2m > [22m[2mseedMemory[2m > [22m[2mforget-then-seed clears every prior record and event, leaving only the three seeded facts
2026-09-21T10:31:04.3175241Z [22m[39mExtraction produced 3 record(s) after 0s.
2026-09-21T10:31:04.3175474Z 
2026-09-21T10:31:04.3370944Z [90mstdout[2m | scripts/seed-memory.test.ts[2m > [22m[2mseedMemory[2m > [22m[2merases the seeded Vega party's memory with --forget
2026-09-21T10:31:04.3372802Z [22m[39mForgot 0 record(s) and 0 event(s) for the seeded Vega party.
2026-09-21T10:31:04.3373853Z 
2026-09-21T10:31:04.3488725Z  [32m✓[39m scripts/seed-memory.test.ts [2m([22m[2m3 tests[22m[2m)[22m[32m 68[2mms[22m[39m
2026-09-21T10:31:05.0121755Z  [32m✓[39m src/core/data-retention.integration.test.ts [2m([22m[2m1 test[22m[2m)[22m[32m 63[2mms[22m[39m
2026-09-21T10:31:05.9586844Z  [31m❯[39m src/core/demo/advance-clock.integration.test.ts [2m([22m[2m11 tests[22m[2m | [22m[31m2 failed[39m[2m)[22m[33m 315[2mms[22m[39m
2026-09-21T10:31:05.9587839Z [31m     [31m×[31m runs the actual chase/escalation cycle for arrival 2026-09-19[39m[32m 95[2mms[22m[39m
2026-09-21T10:31:05.9588590Z      [32m✓[39m runs the actual chase/escalation cycle for arrival 2027-11-20[32m 66[2mms[22m[39m
2026-09-21T10:31:05.9589813Z [31m     [31m×[31m advances to the persisted delivery retry after escalation already changed the visit[39m[32m 43[2mms[22m[39m
2026-09-21T10:31:05.9590669Z      [32m✓[39m respects retry availability and never moves backward for already-due work[32m 21[2mms[22m[39m
2026-09-21T10:31:05.9591357Z      [32m✓[39m does not advance for cancelled jobs[32m 13[2mms[22m[39m
2026-09-21T10:31:05.9591894Z      [32m✓[39m does not advance for exhausted jobs[32m 13[2mms[22m[39m
2026-09-21T10:31:05.9592961Z      [32m✓[39m does not advance for running jobs[32m 11[2mms[22m[39m
2026-09-21T10:31:05.9593809Z      [32m✓[39m does not advance for past_arrival jobs[32m 11[2mms[22m[39m
2026-09-21T10:31:05.9594671Z      [32m✓[39m does not advance for withdrawn jobs[32m 10[2mms[22m[39m
2026-09-21T10:31:05.9595643Z      [32m✓[39m does not advance for obsolete_cycle jobs[32m 10[2mms[22m[39m
2026-09-21T10:31:05.9596887Z      [32m✓[39m keeps custom forward clock payloads while rejecting real homes and invalid dates[32m 16[2mms[22m[39m
2026-09-21T10:31:06.9523679Z  [32m✓[39m src/agent/tools/capture-invitation.test.ts [2m([22m[2m5 tests[22m[2m)[22m[32m 99[2mms[22m[39m
2026-09-21T10:31:07.6813099Z  [32m✓[39m src/app/api/runs/run-data.test.ts [2m([22m[2m3 tests[22m[2m)[22m[32m 69[2mms[22m[39m
2026-09-21T10:31:08.6348689Z  [32m✓[39m scripts/seed-demo.test.ts [2m([22m[2m6 tests[22m[2m)[22m[33m 371[2mms[22m[39m
2026-09-21T10:31:09.6887483Z  [32m✓[39m src/core/booking/guest-preferences.integration.test.ts [2m([22m[2m3 tests[22m[2m)[22m[32m 117[2mms[22m[39m
2026-09-21T10:31:10.8809990Z  [32m✓[39m src/agent/run-task-safety.test.ts [2m([22m[2m4 tests[22m[2m)[22m[33m 306[2mms[22m[39m
2026-09-21T10:31:11.5232841Z  [32m✓[39m src/core/calendar/calendar-feed.integration.test.ts [2m([22m[2m1 test[22m[2m)[22m[32m 63[2mms[22m[39m
2026-09-21T10:31:12.1891329Z  [32m✓[39m src/app/[locale]/(host)/memory-data.test.ts [2m([22m[2m2 tests[22m[2m)[22m[32m 45[2mms[22m[39m
2026-09-21T10:31:12.8304931Z  [32m✓[39m src/lib/auth/guest-account.integration.test.ts [2m([22m[2m1 test[22m[2m)[22m[32m 64[2mms[22m[39m
2026-09-21T10:31:13.4576101Z  [32m✓[39m src/lib/auth/host-identity.integration.test.ts [2m([22m[2m2 tests[22m[2m)[22m[32m 56[2mms[22m[39m
2026-09-21T10:31:14.5092015Z  [32m✓[39m src/core/booking/guest-clock.integration.test.ts [2m([22m[2m3 tests[22m[2m)[22m[32m 134[2mms[22m[39m
2026-09-21T10:31:15.6150459Z  [32m✓[39m src/agent/runtime/handler.test.ts [2m([22m[2m2 tests[22m[2m)[22m[32m 195[2mms[22m[39m
2026-09-21T10:31:16.6610904Z  [32m✓[39m src/agent/telemetry.test.ts [2m([22m[2m1 test[22m[2m)[22m[32m 87[2mms[22m[39m
2026-09-21T10:31:17.6164207Z  [32m✓[39m src/agent/memory-search-audit.test.ts [2m([22m[2m4 tests[22m[2m)[22m[32m 40[2mms[22m[39m
2026-09-21T10:31:18.3561951Z  [32m✓[39m src/components/host/host-outcomes.integration.test.ts [2m([22m[2m6 tests[22m[2m)[22m[32m 113[2mms[22m[39m
2026-09-21T10:31:19.3279463Z  [32m✓[39m src/agent/memory-capture-safety.test.ts [2m([22m[2m1 test[22m[2m)[22m[32m 83[2mms[22m[39m
2026-09-21T10:31:20.2207450Z  [32m✓[39m src/agent/agent.test.ts [2m([22m[2m4 tests[22m[2m)[22m[32m 22[2mms[22m[39m
2026-09-21T10:31:21.1325879Z  [32m✓[39m src/agent/memory-flush-safety.test.ts [2m([22m[2m1 test[22m[2m)[22m[32m 54[2mms[22m[39m
2026-09-21T10:31:22.0818755Z  [32m✓[39m src/agent/client.integration.test.ts [2m([22m[2m1 test[22m[2m)[22m[32m 70[2mms[22m[39m
2026-09-21T10:31:22.2646727Z  [32m✓[39m src/agent/storage/postgres-storage.test.ts [2m([22m[2m1 test[22m[2m)[22m[32m 36[2mms[22m[39m
2026-09-21T10:31:22.2678022Z 
2026-09-21T10:31:22.2678941Z [31m⎯⎯⎯⎯⎯⎯[39m[1m[41m Failed Tests 15 [49m[22m[31m⎯⎯⎯⎯⎯⎯⎯[39m
2026-09-21T10:31:22.2679483Z 
2026-09-21T10:31:22.2682833Z [41m[1m FAIL [22m[49m src/core/demo/advance-clock.integration.test.ts[2m > [22msemantic demo clock[2m > [22mruns the actual chase/escalation cycle for arrival 2026-09-19
2026-09-21T10:31:22.2688012Z [31m[1mAssertionError[22m: expected '2026-09-16T07:00:00.000Z' to be '2026-09-17T07:00:00.000Z' // Object.is equality[39m
2026-09-21T10:31:22.2688830Z 
2026-09-21T10:31:22.2689547Z Expected: [32m"2026-09-1[7m7[27mT07:00:00.000Z"[39m
2026-09-21T10:31:22.2690418Z Received: [31m"2026-09-1[7m6[27mT07:00:00.000Z"[39m
2026-09-21T10:31:22.2690869Z 
2026-09-21T10:31:22.2691751Z [36m [2m❯[22m src/core/demo/advance-clock.integration.test.ts:[2m60:32[22m[39m
2026-09-21T10:31:22.2729910Z     [90m 58|[39m           action[33m:[39m [32m"escalation"[39m[33m,[39m
2026-09-21T10:31:22.2730963Z     [90m 59|[39m         })[33m;[39m
2026-09-21T10:31:22.2732191Z     [90m 60|[39m         [34mexpect[39m(escalation[33m.[39mnow)[33m.[39m[34mtoBe[39m(
2026-09-21T10:31:22.2733301Z     [90m   |[39m                                [31m^[39m
2026-09-21T10:31:22.2734953Z     [90m 61|[39m           [35mnew[39m [33mDate[39m([35mnew[39m [33mDate[39m(due)[33m.[39m[34mgetTime[39m() [33m+[39m [34m86_400_000[39m)[33m.[39m[34mtoISOString[39m()[33m,[39m
2026-09-21T10:31:22.2736353Z     [90m 62|[39m         )[33m;[39m
2026-09-21T10:31:22.2736890Z 
2026-09-21T10:31:22.2737469Z [31m[2m⎯⎯⎯⎯⎯⎯⎯⎯⎯⎯⎯⎯⎯⎯⎯⎯⎯⎯⎯⎯⎯⎯⎯[1/15]⎯[22m[39m
2026-09-21T10:31:22.2737980Z 
2026-09-21T10:31:22.2740059Z [41m[1m FAIL [22m[49m src/core/demo/advance-clock.integration.test.ts[2m > [22msemantic demo clock[2m > [22madvances to the persisted delivery retry after escalation already changed the visit
2026-09-21T10:31:22.2742103Z [31m[1mAssertionError[22m: promise resolved "[]" instead of rejecting[39m
2026-09-21T10:31:22.2742760Z 
2026-09-21T10:31:22.2743178Z [32m- Expected:[39m
2026-09-21T10:31:22.2743735Z Error {
2026-09-21T10:31:22.2744342Z   "message": "rejected promise",
2026-09-21T10:31:22.2744953Z }
2026-09-21T10:31:22.2745293Z 
2026-09-21T10:31:22.2745682Z [31m+ Received:[39m
2026-09-21T10:31:22.2746236Z []
2026-09-21T10:31:22.2746572Z 
2026-09-21T10:31:22.2747484Z [36m [2m❯[22m src/core/demo/advance-clock.integration.test.ts:[2m111:8[22m[39m
2026-09-21T10:31:22.2748637Z     [90m109|[39m           f[33m.[39mhomeId[33m,[39m
2026-09-21T10:31:22.2749616Z     [90m110|[39m         )[33m,[39m
2026-09-21T10:31:22.2751285Z     [90m111|[39m       )[33m.[39mrejects[33m.[39m[34mtoBeInstanceOf[39m([33mAggregateError[39m)[33m;[39m
2026-09-21T10:31:22.2752565Z     [90m   |[39m        [31m^[39m
2026-09-21T10:31:22.2753661Z     [90m112|[39m       [35mconst[39m [visit] [33m=[39m [35mawait[39m db[33m<[39m
2026-09-21T10:31:22.2754788Z     [90m113|[39m         { status[33m:[39m string }[]
2026-09-21T10:31:22.2755354Z 
2026-09-21T10:31:22.2755985Z [31m[2m⎯⎯⎯⎯⎯⎯⎯⎯⎯⎯⎯⎯⎯⎯⎯⎯⎯⎯⎯⎯⎯⎯⎯[2/15]⎯[22m[39m
2026-09-21T10:31:22.2756530Z 
2026-09-21T10:31:22.2758353Z [41m[1m FAIL [22m[49m src/core/reconfirmation/jobs.test.ts[2m > [22mreconfirmation jobs[2m > [22msuppresses fallback delivery when a guest cancels while the model is running
2026-09-21T10:31:22.2760745Z [31m[1mAssertionError[22m: expected [] to deeply equal [ ObjectContaining{…} ][39m
2026-09-21T10:31:22.2761463Z 
2026-09-21T10:31:22.2761873Z [32m- Expected[39m
2026-09-21T10:31:22.2762526Z [31m+ Received[39m
2026-09-21T10:31:22.2762933Z 
2026-09-21T10:31:22.2763301Z [32m- [[39m
2026-09-21T10:31:22.2764005Z [32m-   ObjectContaining {[39m
2026-09-21T10:31:22.2764832Z [32m-     "status": "skipped",[39m
2026-09-21T10:31:22.2765811Z [32m-   },[39m
2026-09-21T10:31:22.2766397Z [32m- ][39m
2026-09-21T10:31:22.2766991Z [31m+ [][39m
2026-09-21T10:31:22.2767363Z 
2026-09-21T10:31:22.2768253Z [36m [2m❯[22m src/core/reconfirmation/jobs.test.ts:[2m105:21[22m[39m
2026-09-21T10:31:22.2792865Z     [90m103|[39m       homeId[33m,[39m
2026-09-21T10:31:22.2793558Z     [90m104|[39m     )[33m;[39m
2026-09-21T10:31:22.2794507Z     [90m105|[39m     expect(outcome).toEqual([expect.objectContaining({ status: "skippe…
2026-09-21T10:31:22.2795439Z     [90m   |[39m                     [31m^[39m
2026-09-21T10:31:22.2796745Z     [90m106|[39m     [34mexpect[39m([35mawait[39m [34mnotificationCount[39m())[33m.[39m[34mtoBe[39m([34m0[39m)[33m;[39m
2026-09-21T10:31:22.2798500Z     [90m107|[39m     [34mexpect[39m([35mawait[39m [34mfallbackAuditCount[39m())[33m.[39m[34mtoBe[39m([34m0[39m)[33m;[39m
2026-09-21T10:31:22.2799440Z 
2026-09-21T10:31:22.2799901Z [31m[2m⎯⎯⎯⎯⎯⎯⎯⎯⎯⎯⎯⎯⎯⎯⎯⎯⎯⎯⎯⎯⎯⎯⎯[3/15]⎯[22m[39m
2026-09-21T10:31:22.2800257Z 
2026-09-21T10:31:22.2801801Z [41m[1m FAIL [22m[49m src/core/reconfirmation/jobs.test.ts[2m > [22mreconfirmation jobs[2m > [22mskips dispatch when cancellation wins while the external schedule is being created
2026-09-21T10:31:22.2803619Z [31m[1mAssertionError[22m: expected [] to deeply equal [ ObjectContaining{…} ][39m
2026-09-21T10:31:22.2804204Z 
2026-09-21T10:31:22.2810136Z [32m- Expected[39m
2026-09-21T10:31:22.2815275Z [31m+ Received[39m
2026-09-21T10:31:22.2815532Z 
2026-09-21T10:31:22.2815838Z [32m- [[39m
2026-09-21T10:31:22.2816212Z [32m-   ObjectContaining {[39m
2026-09-21T10:31:22.2816577Z [32m-     "status": "skipped",[39m
2026-09-21T10:31:22.2816871Z [32m-   },[39m
2026-09-21T10:31:22.2817098Z [32m- ][39m
2026-09-21T10:31:22.2817326Z [31m+ [][39m
2026-09-21T10:31:22.2817445Z 
2026-09-21T10:31:22.2818242Z [36m [2m❯[22m src/core/reconfirmation/jobs.test.ts:[2m142:20[22m[39m
2026-09-21T10:31:22.2819210Z     [90m140|[39m     )[33m;[39m
2026-09-21T10:31:22.2820003Z     [90m141|[39m     [34mexpect[39m(enqueued)[33m.[39m[34mtoEqual[39m([])[33m;[39m
2026-09-21T10:31:22.2820647Z     [90m142|[39m     expect(result).toEqual([expect.objectContaining({ status: "skipped…
2026-09-21T10:31:22.2821130Z     [90m   |[39m                    [31m^[39m
2026-09-21T10:31:22.2821461Z     [90m143|[39m   })[33m;[39m
2026-09-21T10:31:22.2821728Z     [90m144|[39m
2026-09-21T10:31:22.2821857Z 
2026-09-21T10:31:22.2822096Z [31m[2m⎯⎯⎯⎯⎯⎯⎯⎯⎯⎯⎯⎯⎯⎯⎯⎯⎯⎯⎯⎯⎯⎯⎯[4/15]⎯[22m[39m
2026-09-21T10:31:22.2822287Z 
2026-09-21T10:31:22.2823014Z [41m[1m FAIL [22m[49m src/core/reconfirmation/jobs.test.ts[2m > [22mreconfirmation jobs[2m > [22mclaims once, chases at T-3, and escalates to both hosts after 24 hours
2026-09-21T10:31:22.2824102Z [31m[1mAssertionError[22m: expected [] to have a length of 1 but got +0[39m
2026-09-21T10:31:22.2824398Z 
2026-09-21T10:31:22.2824534Z [32m- Expected[39m
2026-09-21T10:31:22.2824803Z [31m+ Received[39m
2026-09-21T10:31:22.2824941Z 
2026-09-21T10:31:22.2825047Z [32m- 1[39m
2026-09-21T10:31:22.2825274Z [31m+ 0[39m
2026-09-21T10:31:22.2825385Z 
2026-09-21T10:31:22.2825704Z [36m [2m❯[22m src/core/reconfirmation/jobs.test.ts:[2m153:27[22m[39m
2026-09-21T10:31:22.2826358Z     [90m151|[39m       [34mrunDueJobs[39m(sql[33m,[39m clock[33m,[39m invoker[33m,[39m homeId)[33m,[39m
2026-09-21T10:31:22.2826857Z     [90m152|[39m     ])[33m;[39m
2026-09-21T10:31:22.2827462Z     [90m153|[39m     [34mexpect[39m(claims[33m.[39m[34mflat[39m())[33m.[39m[34mtoHaveLength[39m([34m1[39m)[33m;[39m
2026-09-21T10:31:22.2828042Z     [90m   |[39m                           [31m^[39m
2026-09-21T10:31:22.2828745Z     [90m154|[39m     [34mexpect[39m([35mawait[39m [34mvisitStatus[39m())[33m.[39m[34mtoBe[39m([32m"reconfirm_pending"[39m)[33m;[39m
2026-09-21T10:31:22.2849789Z     [90m155|[39m     [34mexpect[39m([35mawait[39m [34mnotificationCount[39m([32m"party"[39m))[33m.[39m[34mtoBe[39m([34m1[39m)[33m;[39m
2026-09-21T10:31:22.2850960Z 
2026-09-21T10:31:22.2851510Z [31m[2m⎯⎯⎯⎯⎯⎯⎯⎯⎯⎯⎯⎯⎯⎯⎯⎯⎯⎯⎯⎯⎯⎯⎯[5/15]⎯[22m[39m
2026-09-21T10:31:22.2851854Z 
2026-09-21T10:31:22.2852948Z [41m[1m FAIL [22m[49m src/core/reconfirmation/jobs.test.ts[2m > [22mreconfirmation jobs[2m > [22mdoes not escalate after the guest reconfirms
2026-09-21T10:31:22.2854718Z [31m[1mAssertionError[22m: expected 'confirmed' to be 'reconfirmed' // Object.is equality[39m
2026-09-21T10:31:22.2855387Z 
2026-09-21T10:31:22.2855760Z Expected: [32m"[7mre[27mconfirmed"[39m
2026-09-21T10:31:22.2856361Z Received: [31m"confirmed"[39m
2026-09-21T10:31:22.2856602Z 
2026-09-21T10:31:22.2857149Z [36m [2m❯[22m src/core/reconfirmation/jobs.test.ts:[2m186:33[22m[39m
2026-09-21T10:31:22.2857743Z     [90m184|[39m
2026-09-21T10:31:22.2859299Z     [90m185|[39m     [34mexpect[39m([35mawait[39m [34mrunDueJobs[39m(sql[33m,[39m clock[33m,[39m invoker[33m,[39m homeId))[33m.[39m[34mtoEqual[39m([])[33m;[39m
2026-09-21T10:31:22.2861087Z     [90m186|[39m     [34mexpect[39m([35mawait[39m [34mvisitStatus[39m())[33m.[39m[34mtoBe[39m([32m"reconfirmed"[39m)[33m;[39m
2026-09-21T10:31:22.2862074Z     [90m   |[39m                                 [31m^[39m
2026-09-21T10:31:22.2863242Z     [90m187|[39m     [34mexpect[39m([35mawait[39m [34mnotificationCount[39m([32m"host"[39m))[33m.[39m[34mtoBe[39m([34m0[39m)[33m;[39m
2026-09-21T10:31:22.2864246Z     [90m188|[39m   })[33m;[39m
2026-09-21T10:31:22.2864531Z 
2026-09-21T10:31:22.2864919Z [31m[2m⎯⎯⎯⎯⎯⎯⎯⎯⎯⎯⎯⎯⎯⎯⎯⎯⎯⎯⎯⎯⎯⎯⎯[6/15]⎯[22m[39m
2026-09-21T10:31:22.2865245Z 
2026-09-21T10:31:22.2866493Z [41m[1m FAIL [22m[49m src/core/reconfirmation/jobs.test.ts[2m > [22mreconfirmation jobs[2m > [22mleaves demo jobs to the home-scoped demo clock runner
2026-09-21T10:31:22.2868032Z [31m[1mAssertionError[22m: expected [] to have a length of 1 but got +0[39m
2026-09-21T10:31:22.2868522Z 
2026-09-21T10:31:22.2868722Z [32m- Expected[39m
2026-09-21T10:31:22.2869318Z [31m+ Received[39m
2026-09-21T10:31:22.2869520Z 
2026-09-21T10:31:22.2869733Z [32m- 1[39m
2026-09-21T10:31:22.2870098Z [31m+ 0[39m
2026-09-21T10:31:22.2870271Z 
2026-09-21T10:31:22.2870817Z [36m [2m❯[22m src/core/reconfirmation/jobs.test.ts:[2m203:59[22m[39m
2026-09-21T10:31:22.2871534Z     [90m201|[39m     `[39m[33m;[39m
2026-09-21T10:31:22.2872574Z     [90m202|[39m     [34mexpect[39m(demoJob[33m?.[39mstatus)[33m.[39m[34mtoBe[39m([32m"scheduled"[39m)[33m;[39m
2026-09-21T10:31:22.2873868Z     [90m203|[39m     expect(await runDueJobs(sql, clock, invoker, homeId)).toHaveLength…
2026-09-21T10:31:22.2874855Z     [90m   |[39m                                                           [31m^[39m
2026-09-21T10:31:22.2875489Z     [90m204|[39m   })[33m;[39m
2026-09-21T10:31:22.2876351Z     [90m205|[39m
2026-09-21T10:31:22.2876578Z 
2026-09-21T10:31:22.2877022Z [31m[2m⎯⎯⎯⎯⎯⎯⎯⎯⎯⎯⎯⎯⎯⎯⎯⎯⎯⎯⎯⎯⎯⎯⎯[7/15]⎯[22m[39m
2026-09-21T10:31:22.2877339Z 
2026-09-21T10:31:22.2878558Z [41m[1m FAIL [22m[49m src/core/reconfirmation/jobs.test.ts[2m > [22mreconfirmation jobs[2m > [22mrecovers a partial escalation without duplicate notifications
2026-09-21T10:31:22.2880323Z [31m[1mAssertionError[22m: promise resolved "[]" instead of rejecting[39m
2026-09-21T10:31:22.2880856Z 
2026-09-21T10:31:22.2881097Z [32m- Expected:[39m
2026-09-21T10:31:22.2881455Z Error {
2026-09-21T10:31:22.2881794Z   "message": "rejected promise",
2026-09-21T10:31:22.2882175Z }
2026-09-21T10:31:22.2882345Z 
2026-09-21T10:31:22.2882573Z [31m+ Received:[39m
2026-09-21T10:31:22.2882927Z []
2026-09-21T10:31:22.2883084Z 
2026-09-21T10:31:22.2883664Z [36m [2m❯[22m src/core/reconfirmation/jobs.test.ts:[2m242:6[22m[39m
2026-09-21T10:31:22.2884444Z     [90m240|[39m     [35mawait[39m [34mexpect[39m(
2026-09-21T10:31:22.2885566Z     [90m241|[39m       [34mrunDueJobs[39m(sql[33m,[39m clock[33m,[39m retryingInvoker[33m,[39m homeId)[33m,[39m
2026-09-21T10:31:22.2887276Z     [90m242|[39m     )[33m.[39mrejects[33m.[39m[34mtoThrow[39m([32m"One or more reconfirmation jobs failed"[39m)[33m;[39m
2026-09-21T10:31:22.2888170Z     [90m   |[39m      [31m^[39m
2026-09-21T10:31:22.2889435Z     [90m243|[39m     [34mexpect[39m([35mawait[39m [34mnotificationCount[39m([32m"host"[39m))[33m.[39m[34mtoBe[39m([34m1[39m)[33m;[39m
2026-09-21T10:31:22.2890363Z     [90m244|[39m
2026-09-21T10:31:22.2890569Z 
2026-09-21T10:31:22.2890957Z [31m[2m⎯⎯⎯⎯⎯⎯⎯⎯⎯⎯⎯⎯⎯⎯⎯⎯⎯⎯⎯⎯⎯⎯⎯[8/15]⎯[22m[39m
2026-09-21T10:31:22.2891269Z 
2026-09-21T10:31:22.2892397Z [41m[1m FAIL [22m[49m src/core/reconfirmation/jobs.test.ts[2m > [22mreconfirmation jobs[2m > [22mdelivers to a host the model skipped without needing a retry
2026-09-21T10:31:22.2894313Z [31m[1mAssertionError[22m: expected undefined to match object { action: 'escalate', status: 'done' }[39m
2026-09-21T10:31:22.2894954Z 
2026-09-21T10:31:22.2895204Z [32m- Expected:[39m
2026-09-21T10:31:22.2895569Z {
2026-09-21T10:31:22.2895878Z   "action": "escalate",
2026-09-21T10:31:22.2896272Z   "status": "done",
2026-09-21T10:31:22.2896573Z }
2026-09-21T10:31:22.2896733Z 
2026-09-21T10:31:22.2896958Z [31m+ Received:[39m
2026-09-21T10:31:22.2897315Z undefined
2026-09-21T10:31:22.2897492Z 
2026-09-21T10:31:22.2898073Z [36m [2m❯[22m src/core/reconfirmation/jobs.test.ts:[2m284:23[22m[39m
2026-09-21T10:31:22.2899331Z     [90m282|[39m     const [runResult] = await runDueJobs(sql, clock, incompleteInvoker…
2026-09-21T10:31:22.2900053Z     [90m283|[39m
2026-09-21T10:31:22.2900842Z     [90m284|[39m     expect(runResult).toMatchObject({ action: "escalate", status: "don…
2026-09-21T10:31:22.2901715Z     [90m   |[39m                       [31m^[39m
2026-09-21T10:31:22.2902632Z     [90m285|[39m     expect(await hostNotificationRecipientIds()).toEqual([...hostIds].…
2026-09-21T10:31:22.2904005Z     [90m286|[39m     [35mconst[39m [job] [33m=[39m [35mawait[39m sql[33m<[39m{ status[33m:[39m string }[][33m>[39m[32m`
2026-09-21T10:31:22.2904689Z 
2026-09-21T10:31:22.2905202Z [31m[2m⎯⎯⎯⎯⎯⎯⎯⎯⎯⎯⎯⎯⎯⎯⎯⎯⎯⎯⎯⎯⎯⎯⎯[9/15]⎯[22m[39m
2026-09-21T10:31:22.2905544Z 
2026-09-21T10:31:22.2906987Z [41m[1m FAIL [22m[49m src/core/reconfirmation/jobs.test.ts[2m > [22mreconfirmation jobs[2m > [22mbacks off persistent faults, quarantines them, and supports explicit replay
2026-09-21T10:31:22.2908610Z [31m[1mAssertionError[22m: promise resolved "[]" instead of rejecting[39m
2026-09-21T10:31:22.2909258Z 
2026-09-21T10:31:22.2909509Z [32m- Expected:[39m
2026-09-21T10:31:22.2909876Z Error {
2026-09-21T10:31:22.2910263Z   "message": "rejected promise",
2026-09-21T10:31:22.2910682Z }
2026-09-21T10:31:22.2910846Z 
2026-09-21T10:31:22.2911081Z [31m+ Received:[39m
2026-09-21T10:31:22.2911430Z []
2026-09-21T10:31:22.2911590Z 
2026-09-21T10:31:22.2912395Z [36m [2m❯[22m src/core/reconfirmation/jobs.test.ts:[2m303:6[22m[39m
2026-09-21T10:31:22.2913278Z     [90m301|[39m     [35mawait[39m [34mexpect[39m(
2026-09-21T10:31:22.2914373Z     [90m302|[39m       [34mrunDueJobs[39m(sql[33m,[39m clock[33m,[39m failingInvoker[33m,[39m homeId)[33m,[39m
2026-09-21T10:31:22.2915850Z     [90m303|[39m     )[33m.[39mrejects[33m.[39m[34mtoThrow[39m([32m"One or more reconfirmation jobs failed"[39m)[33m;[39m
2026-09-21T10:31:22.2916792Z     [90m   |[39m      [31m^[39m
2026-09-21T10:31:22.2917574Z     [90m304|[39m     [35mlet[39m [job] [33m=[39m [35mawait[39m sql[33m<[39m
2026-09-21T10:31:22.2918258Z     [90m305|[39m       {
2026-09-21T10:31:22.2918486Z 
2026-09-21T10:31:22.2918883Z [31m[2m⎯⎯⎯⎯⎯⎯⎯⎯⎯⎯⎯⎯⎯⎯⎯⎯⎯⎯⎯⎯⎯⎯[10/15]⎯[22m[39m
2026-09-21T10:31:22.2919361Z 
2026-09-21T10:31:22.2920747Z [41m[1m FAIL [22m[49m src/core/reconfirmation/jobs.test.ts[2m > [22mreconfirmation jobs[2m > [22mdispatches the due batch to durable runs without waiting for model work
2026-09-21T10:31:22.2922451Z [31m[1mAssertionError[22m: expected [] to deeply equal [ ObjectContaining{…} ][39m
2026-09-21T10:31:22.2923274Z 
2026-09-21T10:31:22.2923520Z [32m- Expected[39m
2026-09-21T10:31:22.2923983Z [31m+ Received[39m
2026-09-21T10:31:22.2924206Z 
2026-09-21T10:31:22.2924370Z [32m- [[39m
2026-09-21T10:31:22.2924853Z [32m-   ObjectContaining {[39m
2026-09-21T10:31:22.2925593Z [32m-     "jobId": "40000000-0000-4000-8000-000000000601",[39m
2026-09-21T10:31:22.2926271Z [32m-     "status": "queued",[39m
2026-09-21T10:31:22.2926752Z [32m-   },[39m
2026-09-21T10:31:22.2927092Z [32m- ][39m
2026-09-21T10:31:22.2927460Z [31m+ [][39m
2026-09-21T10:31:22.2927661Z 
2026-09-21T10:31:22.2928186Z [36m [2m❯[22m src/core/reconfirmation/jobs.test.ts:[2m394:24[22m[39m
2026-09-21T10:31:22.2928891Z     [90m392|[39m     )[33m;[39m
2026-09-21T10:31:22.2929544Z     [90m393|[39m
2026-09-21T10:31:22.2930232Z     [90m394|[39m     [34mexpect[39m(dispatched)[33m.[39m[34mtoEqual[39m([
2026-09-21T10:31:22.2931014Z     [90m   |[39m                        [31m^[39m
2026-09-21T10:31:22.2932366Z     [90m395|[39m       expect[33m.[39m[34mobjectContaining[39m({ jobId[33m:[39m chaseJobId[33m,[39m status[33m:[39m [32m"queued"[39m })[33m,[39m
2026-09-21T10:31:22.2933465Z     [90m396|[39m     ])[33m;[39m
2026-09-21T10:31:22.2933756Z 
2026-09-21T10:31:22.2934146Z [31m[2m⎯⎯⎯⎯⎯⎯⎯⎯⎯⎯⎯⎯⎯⎯⎯⎯⎯⎯⎯⎯⎯⎯[11/15]⎯[22m[39m
2026-09-21T10:31:22.2934490Z 
2026-09-21T10:31:22.2935661Z [41m[1m FAIL [22m[49m src/core/reconfirmation/jobs.test.ts[2m > [22mreconfirmation jobs[2m > [22mdelivers a new chase for a later reconfirmation cycle
2026-09-21T10:31:22.2937176Z [31m[1mAssertionError[22m: expected +0 to be 1 // Object.is equality[39m
2026-09-21T10:31:22.2937596Z 
2026-09-21T10:31:22.2937815Z [32m- Expected[39m
2026-09-21T10:31:22.2938207Z [31m+ Received[39m
2026-09-21T10:31:22.2938425Z 
2026-09-21T10:31:22.2938622Z [32m- 1[39m
2026-09-21T10:31:22.2938985Z [31m+ 0[39m
2026-09-21T10:31:22.2939370Z 
2026-09-21T10:31:22.2939905Z [36m [2m❯[22m src/core/reconfirmation/jobs.test.ts:[2m435:46[22m[39m
2026-09-21T10:31:22.2940993Z     [90m433|[39m     [35mconst[39m invoker [33m=[39m [34mscriptedInvoker[39m(clock)[33m;[39m
2026-09-21T10:31:22.2942387Z     [90m434|[39m     [35mawait[39m [34mrunDueJobs[39m(sql[33m,[39m clock[33m,[39m invoker[33m,[39m homeId)[33m;[39m
2026-09-21T10:31:22.2944033Z     [90m435|[39m     [34mexpect[39m([35mawait[39m [34mnotificationCount[39m([32m"party"[39m))[33m.[39m[34mtoBe[39m([34m1[39m)[33m;[39m
2026-09-21T10:31:22.2945267Z     [90m   |[39m                                              [31m^[39m
2026-09-21T10:31:22.2945814Z     [90m436|[39m
2026-09-21T10:31:22.2946303Z     [90m437|[39m     [35mawait[39m sql[32m`
2026-09-21T10:31:22.2946621Z 
2026-09-21T10:31:22.2947029Z [31m[2m⎯⎯⎯⎯⎯⎯⎯⎯⎯⎯⎯⎯⎯⎯⎯⎯⎯⎯⎯⎯⎯⎯[12/15]⎯[22m[39m
2026-09-21T10:31:22.2947329Z 
2026-09-21T10:31:22.2948969Z [41m[1m FAIL [22m[49m src/core/reconfirmation/jobs.test.ts[2m > [22mreconfirmation jobs[2m > [22mfalls back to a deterministic chase notification when the model writes nothing
2026-09-21T10:31:22.2950960Z [31m[1mAssertionError[22m: expected undefined to match object { action: 'chase', status: 'done' }[39m
2026-09-21T10:31:22.2951588Z 
2026-09-21T10:31:22.2951832Z [32m- Expected:[39m
2026-09-21T10:31:22.2952194Z {
2026-09-21T10:31:22.2952505Z   "action": "chase",
2026-09-21T10:31:22.2952861Z   "status": "done",
2026-09-21T10:31:22.2953178Z }
2026-09-21T10:31:22.2953324Z 
2026-09-21T10:31:22.2953518Z [31m+ Received:[39m
2026-09-21T10:31:22.2953864Z undefined
2026-09-21T10:31:22.2954031Z 
2026-09-21T10:31:22.2954535Z [36m [2m❯[22m src/core/reconfirmation/jobs.test.ts:[2m471:23[22m[39m
2026-09-21T10:31:22.2955525Z     [90m469|[39m     const [runResult] = await runDueJobs(sql, clock, silentInvoker, ho…
2026-09-21T10:31:22.2956254Z     [90m470|[39m
2026-09-21T10:31:22.2956899Z     [90m471|[39m     expect(runResult).toMatchObject({ action: "chase", status: "done" …
2026-09-21T10:31:22.2957656Z     [90m   |[39m                       [31m^[39m
2026-09-21T10:31:22.2958736Z     [90m472|[39m     [35mconst[39m [notification] [33m=[39m [35mawait[39m sql[33m<[39m
2026-09-21T10:31:22.2960080Z     [90m473|[39m       { recipient_id[33m:[39m string[33m;[39m body_en[33m:[39m string[33m;[39m body_es[33m:[39m string }[]
2026-09-21T10:31:22.2960701Z 
2026-09-21T10:31:22.2961116Z [31m[2m⎯⎯⎯⎯⎯⎯⎯⎯⎯⎯⎯⎯⎯⎯⎯⎯⎯⎯⎯⎯⎯⎯[13/15]⎯[22m[39m
2026-09-21T10:31:22.2961443Z 
2026-09-21T10:31:22.2962770Z [41m[1m FAIL [22m[49m src/core/reconfirmation/jobs.test.ts[2m > [22mreconfirmation jobs[2m > [22mfalls back to deterministic escalation delivery for hosts the model skipped
2026-09-21T10:31:22.2964407Z [31m[1mAssertionError[22m: expected undefined to match object { action: 'escalate', status: 'done' }[39m
2026-09-21T10:31:22.2965031Z 
2026-09-21T10:31:22.2965277Z [32m- Expected:[39m
2026-09-21T10:31:22.2965611Z {
2026-09-21T10:31:22.2965976Z   "action": "escalate",
2026-09-21T10:31:22.2966340Z   "status": "done",
2026-09-21T10:31:22.2966635Z }
2026-09-21T10:31:22.2966788Z 
2026-09-21T10:31:22.2966938Z [31m+ Received:[39m
2026-09-21T10:31:22.2967167Z undefined
2026-09-21T10:31:22.2967276Z 
2026-09-21T10:31:22.2967606Z [36m [2m❯[22m src/core/reconfirmation/jobs.test.ts:[2m528:23[22m[39m
2026-09-21T10:31:22.2968691Z     [90m526|[39m     const [runResult] = await runDueJobs(sql, clock, partialInvoker, h…
2026-09-21T10:31:22.2969572Z     [90m527|[39m
2026-09-21T10:31:22.2970314Z     [90m528|[39m     expect(runResult).toMatchObject({ action: "escalate", status: "don…
2026-09-21T10:31:22.2971108Z     [90m   |[39m                       [31m^[39m
2026-09-21T10:31:22.2972014Z     [90m529|[39m     expect(await hostNotificationRecipientIds()).toEqual([...hostIds].…
2026-09-21T10:31:22.2973473Z     [90m530|[39m     [34mexpect[39m([35mawait[39m [34mnotificationCount[39m([32m"host"[39m))[33m.[39m[34mtoBe[39m([34m2[39m)[33m;[39m
2026-09-21T10:31:22.2974251Z 
2026-09-21T10:31:22.2974656Z [31m[2m⎯⎯⎯⎯⎯⎯⎯⎯⎯⎯⎯⎯⎯⎯⎯⎯⎯⎯⎯⎯⎯⎯[14/15]⎯[22m[39m
2026-09-21T10:31:22.2975090Z 
2026-09-21T10:31:22.2976145Z [41m[1m FAIL [22m[49m src/core/reconfirmation/jobs.test.ts[2m > [22mreconfirmation jobs[2m > [22mreclaims only an expired job lease
2026-09-21T10:31:22.2977519Z [31m[1mAssertionError[22m: expected [] to have a length of 1 but got +0[39m
2026-09-21T10:31:22.2978093Z 
2026-09-21T10:31:22.2978340Z [32m- Expected[39m
2026-09-21T10:31:22.2978764Z [31m+ Received[39m
2026-09-21T10:31:22.2978973Z 
2026-09-21T10:31:22.2979264Z [32m- 1[39m
2026-09-21T10:31:22.2979664Z [31m+ 0[39m
2026-09-21T10:31:22.2979850Z 
2026-09-21T10:31:22.2980402Z [36m [2m❯[22m src/core/reconfirmation/jobs.test.ts:[2m554:7[22m[39m
2026-09-21T10:31:22.2981178Z     [90m552|[39m     [34mexpect[39m(
2026-09-21T10:31:22.2982657Z     [90m553|[39m       [35mawait[39m [34mrunDueJobs[39m(sql[33m,[39m clock[33m,[39m [34mscriptedInvoker[39m(clock)[33m,[39m homeId)[33m,[39m
2026-09-21T10:31:22.2983901Z     [90m554|[39m     )[33m.[39m[34mtoHaveLength[39m([34m1[39m)[33m;[39m
2026-09-21T10:31:22.2984575Z     [90m   |[39m       [31m^[39m
2026-09-21T10:31:22.2985401Z     [90m555|[39m     [35mconst[39m [job] [33m=[39m [35mawait[39m sql[33m<[39m
2026-09-21T10:31:22.2986433Z     [90m556|[39m       { status: string; attempt_count: number; claim_token: string | n…
2026-09-21T10:31:22.2986967Z 
2026-09-21T10:31:22.2987385Z [31m[2m⎯⎯⎯⎯⎯⎯⎯⎯⎯⎯⎯⎯⎯⎯⎯⎯⎯⎯⎯⎯⎯⎯[15/15]⎯[22m[39m
2026-09-21T10:31:22.2987721Z 
2026-09-21T10:31:22.2987756Z 
2026-09-21T10:31:22.2988535Z [2m Test Files [22m [1m[31m2 failed[39m[22m[2m | [22m[1m[32m35 passed[39m[22m[90m (37)[39m
2026-09-21T10:31:22.2990002Z [2m      Tests [22m [1m[31m15 failed[39m[22m[2m | [22m[1m[32m163 passed[39m[22m[90m (178)[39m
2026-09-21T10:31:22.2990835Z [2m   Start at [22m 10:30:46
2026-09-21T10:31:22.2991891Z [2m   Duration [22m 35.74s[2m (transform 827ms, setup 0ms, import 22.99s, tests 8.26s, environment 4ms)[22m
2026-09-21T10:31:22.2992762Z 
2026-09-21T10:31:22.2992774Z 
2026-09-21T10:31:22.3026905Z ##[error]AssertionError: expected '2026-09-16T07:00:00.000Z' to be '2026-09-17T07:00:00.000Z' // Object.is equality
2026-09-21T10:31:22.3037725Z 
2026-09-21T10:31:22.3040251Z ##[error]AssertionError: promise resolved "[]" instead of rejecting
2026-09-21T10:31:22.3041424Z 
2026-09-21T10:31:22.3043250Z ##[error]AssertionError: expected [] to deeply equal [ ObjectContaining{…} ]
2026-09-21T10:31:22.3044297Z 
2026-09-21T10:31:22.3046100Z ##[error]AssertionError: expected [] to deeply equal [ ObjectContaining{…} ]
2026-09-21T10:31:22.3047266Z 
2026-09-21T10:31:22.3048625Z ##[error]AssertionError: expected [] to have a length of 1 but got +0
2026-09-21T10:31:22.3049743Z 
2026-09-21T10:31:22.3051380Z ##[error]AssertionError: expected 'confirmed' to be 'reconfirmed' // Object.is equality
2026-09-21T10:31:22.3052416Z 
2026-09-21T10:31:22.3053748Z ##[error]AssertionError: expected [] to have a length of 1 but got +0
2026-09-21T10:31:22.3054900Z 
2026-09-21T10:31:22.3056655Z ##[error]AssertionError: promise resolved "[]" instead of rejecting
2026-09-21T10:31:22.3057757Z 
2026-09-21T10:31:22.3059726Z ##[error]AssertionError: expected undefined to match object { action: 'escalate', status: 'done' }
2026-09-21T10:31:22.3060953Z 
2026-09-21T10:31:22.3062521Z ##[error]AssertionError: promise resolved "[]" instead of rejecting
2026-09-21T10:31:22.3063577Z 
2026-09-21T10:31:22.3065704Z ##[error]AssertionError: expected [] to deeply equal [ ObjectContaining{…} ]
2026-09-21T10:31:22.3067282Z 
2026-09-21T10:31:22.3068631Z ##[error]AssertionError: expected +0 to be 1 // Object.is equality
2026-09-21T10:31:22.3069924Z 
2026-09-21T10:31:22.3071753Z ##[error]AssertionError: expected undefined to match object { action: 'chase', status: 'done' }
2026-09-21T10:31:22.3072951Z 
2026-09-21T10:31:22.3074765Z ##[error]AssertionError: expected undefined to match object { action: 'escalate', status: 'done' }
2026-09-21T10:31:22.3075976Z 
2026-09-21T10:31:22.3077278Z ##[error]AssertionError: expected [] to have a length of 1 but got +0
2026-09-21T10:31:22.3386326Z [ELIFECYCLE] Command failed with exit code 1.
2026-09-21T10:31:22.3658207Z ##[error]Process completed with exit code 1.
2026-09-21T10:31:22.3807268Z Post job cleanup.
2026-09-21T10:31:22.3811548Z ##[start-action display=Setup Bun;id=__5b66a012-b868-4c29-8fff-49791dd2c757.__oven-sh_setup-bun]
2026-09-21T10:31:22.3813933Z ##[end-action id=__5b66a012-b868-4c29-8fff-49791dd2c757.__oven-sh_setup-bun;outcome=skipped;conclusion=skipped;duration_ms=0]
2026-09-21T10:31:22.3855937Z Post job cleanup.
2026-09-21T10:31:22.5238604Z Pruning is unnecessary.
2026-09-21T10:31:22.5415363Z Post job cleanup.
2026-09-21T10:31:22.6307853Z [command]/usr/bin/git version
2026-09-21T10:31:22.6345920Z git version 2.55.0
2026-09-21T10:31:22.6378640Z Temporarily overriding HOME='/home/runner/work/_temp/50e8ca3b-1c62-4ad8-a974-8c6aef93ff37' before making global git config changes
2026-09-21T10:31:22.6379631Z Adding repository directory to the temporary git global config as a safe directory
2026-09-21T10:31:22.6384119Z [command]/usr/bin/git config --global --add safe.directory /home/runner/work/layalga/layalga
2026-09-21T10:31:22.6411595Z Removing SSH command configuration
2026-09-21T10:31:22.6417756Z [command]/usr/bin/git config --local --name-only --get-regexp core\.sshCommand
2026-09-21T10:31:22.6449392Z [command]/usr/bin/git submodule foreach --recursive sh -c "git config --local --name-only --get-regexp 'core\.sshCommand' && git config --local --unset-all 'core.sshCommand' || :"
2026-09-21T10:31:22.6633627Z Removing HTTP extra header
2026-09-21T10:31:22.6638795Z [command]/usr/bin/git config --local --name-only --get-regexp http\.https\:\/\/github\.com\/\.extraheader
2026-09-21T10:31:22.6668622Z [command]/usr/bin/git submodule foreach --recursive sh -c "git config --local --name-only --get-regexp 'http\.https\:\/\/github\.com\/\.extraheader' && git config --local --unset-all 'http.https://github.com/.extraheader' || :"
2026-09-21T10:31:22.6847173Z Removing includeIf entries pointing to credentials config files
2026-09-21T10:31:22.6853020Z [command]/usr/bin/git config --local --name-only --get-regexp ^includeIf\.gitdir:
2026-09-21T10:31:22.6876955Z includeif.gitdir:/home/runner/work/layalga/layalga/.git.path
2026-09-21T10:31:22.6877574Z includeif.gitdir:/home/runner/work/layalga/layalga/.git/worktrees/*.path
2026-09-21T10:31:22.6878069Z includeif.gitdir:/github/workspace/.git.path
2026-09-21T10:31:22.6878671Z includeif.gitdir:/github/workspace/.git/worktrees/*.path
2026-09-21T10:31:22.6884765Z [command]/usr/bin/git config --local --get-all includeif.gitdir:/home/runner/work/layalga/layalga/.git.path
2026-09-21T10:31:22.6904304Z /home/runner/work/_temp/git-credentials-eb06a47e-d615-47b4-ab98-fc929481929e.config
2026-09-21T10:31:22.6912884Z [command]/usr/bin/git config --local --unset includeif.gitdir:/home/runner/work/layalga/layalga/.git.path \/home\/runner\/work\/_temp\/git\-credentials\-eb06a47e\-d615\-47b4\-ab98\-fc929481929e\.config
2026-09-21T10:31:22.6951291Z [command]/usr/bin/git config --local --get-all includeif.gitdir:/home/runner/work/layalga/layalga/.git/worktrees/*.path
2026-09-21T10:31:22.6970398Z /home/runner/work/_temp/git-credentials-eb06a47e-d615-47b4-ab98-fc929481929e.config
2026-09-21T10:31:22.6978224Z [command]/usr/bin/git config --local --unset includeif.gitdir:/home/runner/work/layalga/layalga/.git/worktrees/*.path \/home\/runner\/work\/_temp\/git\-credentials\-eb06a47e\-d615\-47b4\-ab98\-fc929481929e\.config
2026-09-21T10:31:22.7004744Z [command]/usr/bin/git config --local --get-all includeif.gitdir:/github/workspace/.git.path
2026-09-21T10:31:22.7023403Z /github/runner_temp/git-credentials-eb06a47e-d615-47b4-ab98-fc929481929e.config
2026-09-21T10:31:22.7029234Z [command]/usr/bin/git config --local --unset includeif.gitdir:/github/workspace/.git.path \/github\/runner_temp\/git\-credentials\-eb06a47e\-d615\-47b4\-ab98\-fc929481929e\.config
2026-09-21T10:31:22.7055981Z [command]/usr/bin/git config --local --get-all includeif.gitdir:/github/workspace/.git/worktrees/*.path
2026-09-21T10:31:22.7074276Z /github/runner_temp/git-credentials-eb06a47e-d615-47b4-ab98-fc929481929e.config
2026-09-21T10:31:22.7083291Z [command]/usr/bin/git config --local --unset includeif.gitdir:/github/workspace/.git/worktrees/*.path \/github\/runner_temp\/git\-credentials\-eb06a47e\-d615\-47b4\-ab98\-fc929481929e\.config
2026-09-21T10:31:22.7111940Z [command]/usr/bin/git submodule foreach --recursive git config --local --show-origin --name-only --get-regexp remote.origin.url
2026-09-21T10:31:22.7285888Z Removing credentials config '/home/runner/work/_temp/git-credentials-eb06a47e-d615-47b4-ab98-fc929481929e.config'
2026-09-21T10:31:22.7422769Z Cleaning up orphan processes
